###############################################################################
#
# IAR ELF Linker V7.80.1.11864/W32 for ARM                19/Dec/2025  11:16:49
# Copyright 2007-2016 IAR Systems AB.
#
#    Output file  =  C:\Users\kuryanovichp\dmacp\EWARM\dmacp\Exe\dmacp.out
#    Map file     =  C:\Users\kuryanovichp\dmacp\EWARM\dmacp\List\dmacp.map
#    Command line =  
#        C:\Users\kuryanovichp\dmacp\EWARM\dmacp\Obj\main.o
#        C:\Users\kuryanovichp\dmacp\EWARM\dmacp\Obj\startup_stm32l476xx.o
#        C:\Users\kuryanovichp\dmacp\EWARM\dmacp\Obj\stm32l4xx_hal.o
#        C:\Users\kuryanovichp\dmacp\EWARM\dmacp\Obj\stm32l4xx_hal_adc.o
#        C:\Users\kuryanovichp\dmacp\EWARM\dmacp\Obj\stm32l4xx_hal_adc_ex.o
#        C:\Users\kuryanovichp\dmacp\EWARM\dmacp\Obj\stm32l4xx_hal_comp.o
#        C:\Users\kuryanovichp\dmacp\EWARM\dmacp\Obj\stm32l4xx_hal_cortex.o
#        C:\Users\kuryanovichp\dmacp\EWARM\dmacp\Obj\stm32l4xx_hal_dac.o
#        C:\Users\kuryanovichp\dmacp\EWARM\dmacp\Obj\stm32l4xx_hal_dac_ex.o
#        C:\Users\kuryanovichp\dmacp\EWARM\dmacp\Obj\stm32l4xx_hal_dma.o
#        C:\Users\kuryanovichp\dmacp\EWARM\dmacp\Obj\stm32l4xx_hal_dma_ex.o
#        C:\Users\kuryanovichp\dmacp\EWARM\dmacp\Obj\stm32l4xx_hal_exti.o
#        C:\Users\kuryanovichp\dmacp\EWARM\dmacp\Obj\stm32l4xx_hal_flash.o
#        C:\Users\kuryanovichp\dmacp\EWARM\dmacp\Obj\stm32l4xx_hal_flash_ex.o
#        C:\Users\kuryanovichp\dmacp\EWARM\dmacp\Obj\stm32l4xx_hal_flash_ramfunc.o
#        C:\Users\kuryanovichp\dmacp\EWARM\dmacp\Obj\stm32l4xx_hal_gpio.o
#        C:\Users\kuryanovichp\dmacp\EWARM\dmacp\Obj\stm32l4xx_hal_i2c.o
#        C:\Users\kuryanovichp\dmacp\EWARM\dmacp\Obj\stm32l4xx_hal_i2c_ex.o
#        C:\Users\kuryanovichp\dmacp\EWARM\dmacp\Obj\stm32l4xx_hal_msp.o
#        C:\Users\kuryanovichp\dmacp\EWARM\dmacp\Obj\stm32l4xx_hal_pwr.o
#        C:\Users\kuryanovichp\dmacp\EWARM\dmacp\Obj\stm32l4xx_hal_pwr_ex.o
#        C:\Users\kuryanovichp\dmacp\EWARM\dmacp\Obj\stm32l4xx_hal_rcc.o
#        C:\Users\kuryanovichp\dmacp\EWARM\dmacp\Obj\stm32l4xx_hal_rcc_ex.o
#        C:\Users\kuryanovichp\dmacp\EWARM\dmacp\Obj\stm32l4xx_hal_tim.o
#        C:\Users\kuryanovichp\dmacp\EWARM\dmacp\Obj\stm32l4xx_hal_tim_ex.o
#        C:\Users\kuryanovichp\dmacp\EWARM\dmacp\Obj\stm32l4xx_it.o
#        C:\Users\kuryanovichp\dmacp\EWARM\dmacp\Obj\system_stm32l4xx.o
#        --redirect _Printf=_PrintfFull --redirect _Scanf=_ScanfFull -o
#        C:\Users\kuryanovichp\dmacp\EWARM\dmacp\Exe\dmacp.out --map
#        C:\Users\kuryanovichp\dmacp\EWARM\dmacp\List\dmacp.map --config
#        C:\Users\kuryanovichp\dmacp\EWARM/stm32l476xx_flash.icf --semihosting
#        --entry __iar_program_start --vfe
#
###############################################################################

*******************************************************************************
*** RUNTIME MODEL ATTRIBUTES
***

CppFlavor       = *
__SystemLibrary = DLib


*******************************************************************************
*** PLACEMENT SUMMARY
***

"A0":  place at 0x08000000 { ro section .intvec };
"P1":  place in [from 0x08000000 to 0x080fffff] { ro };
"P2":  place in [from 0x20000000 to 0x20017fff] { rw, block CSTACK, block HEAP };
"P3":  place in [from 0x20000000 to 0x20017fff] {  };
initialize by copy { rw };

  Section             Kind        Address    Size  Object
  -------             ----        -------    ----  ------
"A0":                                       0x188
  .intvec             ro code  0x08000000   0x188  startup_stm32l476xx.o [1]
                             - 0x08000188   0x188

"P1":                                      0x3d20
  .text               ro code  0x08000188   0xa70  stm32l4xx_hal_rcc.o [1]
  .text               ro code  0x08000bf8    0x64  stm32l4xx_hal.o [1]
  .text               ro code  0x08000c5c     0xc  stm32l4xx_hal.o [1]
  .text               ro code  0x08000c68    0xa8  stm32l4xx_hal_pwr_ex.o [1]
  .text               ro code  0x08000d10   0x144  stm32l4xx_hal_cortex.o [1]
  .text               ro code  0x08000e54   0x874  stm32l4xx_hal_adc.o [1]
  .text               ro code  0x080016c8   0x240  stm32l4xx_hal_msp.o [1]
  .text               ro code  0x08001908   0x2c8  stm32l4xx_hal_dma.o [1]
  .text               ro code  0x08001bd0     0x6  ABImemclr4.o [5]
  .text               ro code  0x08001bd8   0x7b8  stm32l4xx_hal_rcc_ex.o [1]
  .text               ro code  0x08002390   0x7f0  main.o [1]
  .text               ro code  0x08002b80   0x224  stm32l4xx_hal_gpio.o [1]
  .text               ro code  0x08002da4    0x32  ABImemset48.o [5]
  .text               ro code  0x08002dd8    0x78  stm32l4xx_hal.o [1]
  .text               ro code  0x08002e50   0x258  stm32l4xx_hal_dac.o [1]
  .text               ro code  0x080030a8   0x2b4  stm32l4xx_hal_comp.o [1]
  .text               ro code  0x0800335c   0x1e8  stm32l4xx_hal_adc_ex.o [1]
  .text               ro code  0x08003544    0x4e  FltToDbl.o [4]
  .text               ro code  0x08003594   0x100  sqrt.o [4]
  .text               ro code  0x08003694    0x90  DblToFlt.o [4]
  .text               ro code  0x08003724   0x2f4  stm32l4xx_hal_tim.o [1]
  .text               ro code  0x08003a18    0xbc  stm32l4xx_hal_tim_ex.o [1]
  .text               ro code  0x08003ad4    0x28  stm32l4xx_hal.o [1]
  .text               ro code  0x08003afc     0xc  iarEdom.o [5]
  .text               ro code  0x08003b08     0xc  errno.o [3]
  .text               ro code  0x08003b14     0x2  xtls.o [3]
  .text               ro code  0x08003b18    0x84  stm32l4xx_it.o [1]
  .text               ro code  0x08003b9c    0x18  stm32l4xx_hal.o [1]
  .text               ro code  0x08003bb4    0x40  zero_init3.o [5]
  .rodata             const    0x08003bf4    0x30  system_stm32l4xx.o [1]
  .text               ro code  0x08003c24    0x2c  copy_init3.o [5]
  .text               ro code  0x08003c50    0x28  data_init.o [5]
  .text               ro code  0x08003c78    0x22  fpinit_M.o [4]
  .iar.init_table     const    0x08003c9c    0x24  - Linker created -
  .text               ro code  0x08003cc0    0x1a  cmain.o [5]
  .text               ro code  0x08003cda     0x4  low_level_init.o [3]
  .text               ro code  0x08003cde     0x4  exit.o [3]
  .text               ro code  0x08003ce4     0xa  cexit.o [5]
  .text               ro code  0x08003cf0    0x14  exit.o [6]
  .rodata             const    0x08003d04    0x18  main.o [1]
  .text               ro code  0x08003d1c    0x14  system_stm32l4xx.o [1]
  .rodata             const    0x08003d30    0x10  system_stm32l4xx.o [1]
  .text               ro code  0x08003d40    0x10  startup_stm32l476xx.o [1]
  Initializer bytes   const    0x08003d50    0x10  <for P2-P3-1>
  .text               ro code  0x08003d60     0xc  cstartup_M.o [5]
  .text               ro code  0x08003d6c     0x4  startup_stm32l476xx.o [1]
  .text               ro code  0x08003d70     0x4  startup_stm32l476xx.o [1]
  .text               ro code  0x08003d74     0x4  startup_stm32l476xx.o [1]
  .text               ro code  0x08003d78     0x4  startup_stm32l476xx.o [1]
  .text               ro code  0x08003d7c     0x4  startup_stm32l476xx.o [1]
  .text               ro code  0x08003d80     0x4  startup_stm32l476xx.o [1]
  .text               ro code  0x08003d84     0x4  startup_stm32l476xx.o [1]
  .text               ro code  0x08003d88     0x4  startup_stm32l476xx.o [1]
  .text               ro code  0x08003d8c     0x4  startup_stm32l476xx.o [1]
  .text               ro code  0x08003d90     0x4  startup_stm32l476xx.o [1]
  .text               ro code  0x08003d94     0x4  startup_stm32l476xx.o [1]
  .text               ro code  0x08003d98     0x4  startup_stm32l476xx.o [1]
  .text               ro code  0x08003d9c     0x4  startup_stm32l476xx.o [1]
  .text               ro code  0x08003da0     0x4  startup_stm32l476xx.o [1]
  .text               ro code  0x08003da4     0x4  startup_stm32l476xx.o [1]
  .text               ro code  0x08003da8     0x4  startup_stm32l476xx.o [1]
  .text               ro code  0x08003dac     0x4  startup_stm32l476xx.o [1]
  .text               ro code  0x08003db0     0x4  startup_stm32l476xx.o [1]
  .text               ro code  0x08003db4     0x4  startup_stm32l476xx.o [1]
  .text               ro code  0x08003db8     0x4  startup_stm32l476xx.o [1]
  .text               ro code  0x08003dbc     0x4  startup_stm32l476xx.o [1]
  .text               ro code  0x08003dc0     0x4  startup_stm32l476xx.o [1]
  .text               ro code  0x08003dc4     0x4  startup_stm32l476xx.o [1]
  .text               ro code  0x08003dc8     0x4  startup_stm32l476xx.o [1]
  .text               ro code  0x08003dcc     0x4  startup_stm32l476xx.o [1]
  .text               ro code  0x08003dd0     0x4  startup_stm32l476xx.o [1]
  .text               ro code  0x08003dd4     0x4  startup_stm32l476xx.o [1]
  .text               ro code  0x08003dd8     0x4  startup_stm32l476xx.o [1]
  .text               ro code  0x08003ddc     0x4  startup_stm32l476xx.o [1]
  .text               ro code  0x08003de0     0x4  startup_stm32l476xx.o [1]
  .text               ro code  0x08003de4     0x4  startup_stm32l476xx.o [1]
  .text               ro code  0x08003de8     0x4  startup_stm32l476xx.o [1]
  .text               ro code  0x08003dec     0x4  startup_stm32l476xx.o [1]
  .text               ro code  0x08003df0     0x4  startup_stm32l476xx.o [1]
  .text               ro code  0x08003df4     0x4  startup_stm32l476xx.o [1]
  .text               ro code  0x08003df8     0x4  startup_stm32l476xx.o [1]
  .text               ro code  0x08003dfc     0x4  startup_stm32l476xx.o [1]
  .text               ro code  0x08003e00     0x4  startup_stm32l476xx.o [1]
  .text               ro code  0x08003e04     0x4  startup_stm32l476xx.o [1]
  .text               ro code  0x08003e08     0x4  startup_stm32l476xx.o [1]
  .text               ro code  0x08003e0c     0x4  startup_stm32l476xx.o [1]
  .text               ro code  0x08003e10     0x4  startup_stm32l476xx.o [1]
  .text               ro code  0x08003e14     0x4  startup_stm32l476xx.o [1]
  .text               ro code  0x08003e18     0x4  startup_stm32l476xx.o [1]
  .text               ro code  0x08003e1c     0x4  startup_stm32l476xx.o [1]
  .text               ro code  0x08003e20     0x4  startup_stm32l476xx.o [1]
  .text               ro code  0x08003e24     0x4  startup_stm32l476xx.o [1]
  .text               ro code  0x08003e28     0x4  startup_stm32l476xx.o [1]
  .text               ro code  0x08003e2c     0x4  startup_stm32l476xx.o [1]
  .text               ro code  0x08003e30     0x4  startup_stm32l476xx.o [1]
  .text               ro code  0x08003e34     0x4  startup_stm32l476xx.o [1]
  .text               ro code  0x08003e38     0x4  startup_stm32l476xx.o [1]
  .text               ro code  0x08003e3c     0x4  startup_stm32l476xx.o [1]
  .text               ro code  0x08003e40     0x4  startup_stm32l476xx.o [1]
  .text               ro code  0x08003e44     0x4  startup_stm32l476xx.o [1]
  .text               ro code  0x08003e48     0x4  startup_stm32l476xx.o [1]
  .text               ro code  0x08003e4c     0x4  startup_stm32l476xx.o [1]
  .text               ro code  0x08003e50     0x4  startup_stm32l476xx.o [1]
  .text               ro code  0x08003e54     0x4  startup_stm32l476xx.o [1]
  .text               ro code  0x08003e58     0x4  startup_stm32l476xx.o [1]
  .text               ro code  0x08003e5c     0x4  startup_stm32l476xx.o [1]
  .text               ro code  0x08003e60     0x4  startup_stm32l476xx.o [1]
  .text               ro code  0x08003e64     0x4  startup_stm32l476xx.o [1]
  .text               ro code  0x08003e68     0x4  startup_stm32l476xx.o [1]
  .text               ro code  0x08003e6c     0x4  startup_stm32l476xx.o [1]
  .text               ro code  0x08003e70     0x4  startup_stm32l476xx.o [1]
  .text               ro code  0x08003e74     0x4  startup_stm32l476xx.o [1]
  .text               ro code  0x08003e78     0x4  startup_stm32l476xx.o [1]
  .text               ro code  0x08003e7c     0x4  startup_stm32l476xx.o [1]
  .text               ro code  0x08003e80     0x4  startup_stm32l476xx.o [1]
  .text               ro code  0x08003e84     0x4  startup_stm32l476xx.o [1]
  .text               ro code  0x08003e88     0x4  startup_stm32l476xx.o [1]
  .text               ro code  0x08003e8c     0x4  startup_stm32l476xx.o [1]
  .text               ro code  0x08003e90     0x4  startup_stm32l476xx.o [1]
  .text               ro code  0x08003e94     0x4  startup_stm32l476xx.o [1]
  .text               ro code  0x08003e98     0x4  startup_stm32l476xx.o [1]
  .text               ro code  0x08003e9c     0x4  startup_stm32l476xx.o [1]
  .text               ro code  0x08003ea0     0x4  startup_stm32l476xx.o [1]
  .text               ro code  0x08003ea4     0x4  startup_stm32l476xx.o [1]
  .rodata             const    0x08003ea8     0x0  zero_init3.o [5]
  .rodata             const    0x08003ea8     0x0  copy_init3.o [5]
                             - 0x08003ea8  0x3d20

"P2-P3", part 1 of 3:                        0x10
  P2-P3-1                      0x20000000     0xf  <Init block>
    .data             inited   0x20000000     0x4  stm32l4xx_hal.o [1]
    .data             inited   0x20000004     0x4  system_stm32l4xx.o [1]
    __DLIB_PERTHREAD  inited   0x20000008     0x4  errno.o [3]
    .data             inited   0x2000000c     0x2  main.o [1]
    .data             inited   0x2000000e     0x1  stm32l4xx_hal.o [1]
                             - 0x2000000f     0xf

"P2-P3", part 2 of 3:                       0x400
  CSTACK                       0x20000010   0x400  <Block>
    CSTACK            uninit   0x20000010   0x400  <Block tail>
                             - 0x20000410   0x400

"P2-P3", part 3 of 3:                      0x1468
  .bss                zero     0x20000410  0x1000  main.o [1]
  .bss                zero     0x20001410   0x200  main.o [1]
  .bss                zero     0x20001610    0x64  main.o [1]
  .bss                zero     0x20001674    0x60  main.o [1]
  .bss                zero     0x200016d4    0x60  main.o [1]
  .bss                zero     0x20001734    0x4c  main.o [1]
  .bss                zero     0x20001780    0x48  main.o [1]
  .bss                zero     0x200017c8    0x2c  main.o [1]
  .bss                zero     0x200017f4    0x20  main.o [1]
  .bss                zero     0x20001814    0x14  main.o [1]
  .bss                zero     0x20001828     0x4  main.o [1]
  .bss                zero     0x2000182c     0x4  main.o [1]
  .bss                zero     0x20001830     0x4  main.o [1]
  .bss                zero     0x20001834     0x4  main.o [1]
  .bss                zero     0x20001838     0x4  main.o [1]
  .bss                zero     0x2000183c     0x4  main.o [1]
  .bss                zero     0x20001840     0x4  main.o [1]
  .bss                zero     0x20001844     0x4  main.o [1]
  .bss                zero     0x20001848     0x4  main.o [1]
  .bss                zero     0x2000184c     0x4  main.o [1]
  .bss                zero     0x20001850     0x4  main.o [1]
  .bss                zero     0x20001854     0x4  main.o [1]
  .bss                zero     0x20001858     0x4  main.o [1]
  .bss                zero     0x2000185c     0x4  main.o [1]
  .bss                zero     0x20001860     0x4  main.o [1]
  .bss                zero     0x20001864     0x4  stm32l4xx_hal.o [1]
  .bss                zero     0x20001868     0x2  main.o [1]
  .bss                zero     0x2000186a     0x2  main.o [1]
  .bss                zero     0x2000186c     0x2  main.o [1]
  .bss                zero     0x2000186e     0x2  main.o [1]
  .bss                zero     0x20001870     0x2  stm32l4xx_hal_dma.o [1]
  .bss                zero     0x20001872     0x1  main.o [1]
  .bss                zero     0x20001873     0x1  main.o [1]
  .bss                zero     0x20001874     0x1  main.o [1]
                             - 0x20001875  0x1465


*******************************************************************************
*** INIT TABLE
***

          Address     Size
          -------     ----
Zero (__iar_zero_init3)
    1 destination range, total size 0x1465:
          0x20000410  0x1465

Copy (__iar_copy_init3)
    1 source range, total size 0x10 (106% of destination):
          0x08003d50    0x10
    1 destination range, total size 0xf:
          0x20000000     0xf



*******************************************************************************
*** MODULE SUMMARY
***

    Module                  ro code  ro data  rw data
    ------                  -------  -------  -------
C:\Users\kuryanovichp\dmacp\EWARM\dmacp\Obj: [1]
    main.o                    2 032       26    5 217
    startup_stm32l476xx.o       724
    stm32l4xx_hal.o             296        5        9
    stm32l4xx_hal_adc.o       2 164
    stm32l4xx_hal_adc_ex.o      488
    stm32l4xx_hal_comp.o        692
    stm32l4xx_hal_cortex.o      324
    stm32l4xx_hal_dac.o         600
    stm32l4xx_hal_dma.o         712                 2
    stm32l4xx_hal_gpio.o        548
    stm32l4xx_hal_msp.o         576
    stm32l4xx_hal_pwr_ex.o      168
    stm32l4xx_hal_rcc.o       2 672
    stm32l4xx_hal_rcc_ex.o    1 976
    stm32l4xx_hal_tim.o         756
    stm32l4xx_hal_tim_ex.o      188
    stm32l4xx_it.o              132
    system_stm32l4xx.o           20       68        4
    -------------------------------------------------
    Total:                   15 068       99    5 232

command line: [2]
    -------------------------------------------------
    Total:

dl7M_tln.a: [3]
    errno.o                      12        4        4
    exit.o                        4
    low_level_init.o              4
    xtls.o                        2
    -------------------------------------------------
    Total:                       22        4        4

m7M_tls.a: [4]
    DblToFlt.o                  144
    FltToDbl.o                   78
    fpinit_M.o                   34
    sqrt.o                      256
    -------------------------------------------------
    Total:                      512

rt7M_tl.a: [5]
    ABImemclr4.o                  6
    ABImemset48.o                50
    cexit.o                      10
    cmain.o                      26
    copy_init3.o                 44
    cstartup_M.o                 12
    data_init.o                  40
    iarEdom.o                    12
    zero_init3.o                 64
    -------------------------------------------------
    Total:                      264

shb_l.a: [6]
    exit.o                       20
    -------------------------------------------------
    Total:                       20

    Gaps                         12        2
    Linker created                        37    1 024
-----------------------------------------------------
    Grand Total:             15 898      142    6 260


*******************************************************************************
*** ENTRY LIST
***

Entry                      Address    Size  Type      Object
-----                      -------    ----  ----      ------
.iar.init_table$$Base   0x08003c9c           --   Gb  - Linker created -
.iar.init_table$$Limit  0x08003cc0           --   Gb  - Linker created -
?main                   0x08003cc1          Code  Gb  cmain.o [5]
ADC_Disable             0x080015fd    0x80  Code  Gb  stm32l4xx_hal_adc.o [1]
AHBPrescTable           0x08003d30    0x10  Data  Gb  system_stm32l4xx.o [1]
BusFault_Handler        0x08003b25     0x2  Code  Gb  stm32l4xx_it.o [1]
COMP_IRQHandler         0x08003b47    0x34  Code  Gb  stm32l4xx_it.o [1]
CSTACK$$Base            0x20000010           --   Gb  - Linker created -
CSTACK$$Limit           0x20000410           --   Gb  - Linker created -
DMA1_Channel1_IRQHandler
                        0x08003b37    0x10  Code  Gb  stm32l4xx_it.o [1]
DMA_SetConfig           0x08001b9f    0x32  Code  Lc  stm32l4xx_hal_dma.o [1]
DebugMon_Handler        0x08003b2b     0x2  Code  Gb  stm32l4xx_it.o [1]
Error_Handler           0x08002b7d     0x4  Code  Gb  main.o [1]
HAL_ADCEx_Calibration_Start
                        0x0800338b    0x90  Code  Gb  stm32l4xx_hal_adc_ex.o [1]
HAL_ADCEx_MultiModeConfigChannel
                        0x08003421   0x10c  Code  Gb  stm32l4xx_hal_adc_ex.o [1]
HAL_ADC_ConfigChannel   0x080011c5   0x40e  Code  Gb  stm32l4xx_hal_adc.o [1]
HAL_ADC_Init            0x08000fa9   0x1ea  Code  Gb  stm32l4xx_hal_adc.o [1]
HAL_ADC_MspInit         0x080016ff    0xa8  Code  Gb  stm32l4xx_hal_msp.o [1]
HAL_COMP_IRQHandler     0x080032f7    0x3a  Code  Gb  stm32l4xx_hal_comp.o [1]
HAL_COMP_Init           0x08003121   0x172  Code  Gb  stm32l4xx_hal_comp.o [1]
HAL_COMP_MspInit        0x080017a7    0xb0  Code  Gb  stm32l4xx_hal_msp.o [1]
HAL_COMP_Start          0x08003293    0x64  Code  Gb  stm32l4xx_hal_comp.o [1]
HAL_DAC_ConfigChannel   0x08002f1b   0x18e  Code  Gb  stm32l4xx_hal_dac.o [1]
HAL_DAC_Init            0x08002e51    0x2c  Code  Gb  stm32l4xx_hal_dac.o [1]
HAL_DAC_MspInit         0x08001857    0x60  Code  Gb  stm32l4xx_hal_msp.o [1]
HAL_DAC_SetValue        0x08002eeb    0x30  Code  Gb  stm32l4xx_hal_dac.o [1]
HAL_DAC_Start           0x08002e7d    0x6e  Code  Gb  stm32l4xx_hal_dac.o [1]
HAL_DMA_IRQHandler      0x08001aad    0xf2  Code  Gb  stm32l4xx_hal_dma.o [1]
HAL_DMA_Init            0x08001909    0xee  Code  Gb  stm32l4xx_hal_dma.o [1]
HAL_DMA_Start_IT        0x08001a15    0x98  Code  Gb  stm32l4xx_hal_dma.o [1]
HAL_Delay               0x08003ad5    0x28  Code  Wk  stm32l4xx_hal.o [1]
HAL_GPIO_Init           0x08002b81   0x1f4  Code  Gb  stm32l4xx_hal_gpio.o [1]
HAL_GetTick             0x08000c5d     0xc  Code  Wk  stm32l4xx_hal.o [1]
HAL_IncTick             0x08003b9d    0x18  Code  Wk  stm32l4xx_hal.o [1]
HAL_Init                0x08002dd9    0x24  Code  Gb  stm32l4xx_hal.o [1]
HAL_InitTick            0x08000bf9    0x64  Code  Wk  stm32l4xx_hal.o [1]
HAL_MspInit             0x080016c9    0x36  Code  Gb  stm32l4xx_hal_msp.o [1]
HAL_NVIC_EnableIRQ      0x08000e19     0xe  Code  Gb  stm32l4xx_hal_cortex.o [1]
HAL_NVIC_SetPriority    0x08000df3    0x26  Code  Gb  stm32l4xx_hal_cortex.o [1]
HAL_NVIC_SetPriorityGrouping
                        0x08000de7     0xc  Code  Gb  stm32l4xx_hal_cortex.o [1]
HAL_PWREx_ControlVoltageScaling
                        0x08000c75    0x8a  Code  Gb  stm32l4xx_hal_pwr_ex.o [1]
HAL_PWREx_GetVoltageRange
                        0x08000c69     0xc  Code  Gb  stm32l4xx_hal_pwr_ex.o [1]
HAL_RCCEx_PeriphCLKConfig
                        0x08001bd9   0x492  Code  Gb  stm32l4xx_hal_rcc_ex.o [1]
HAL_RCC_ClockConfig     0x0800086f   0x1ae  Code  Gb  stm32l4xx_hal_rcc.o [1]
HAL_RCC_GetSysClockFreq
                        0x08000a1d    0xfa  Code  Gb  stm32l4xx_hal_rcc.o [1]
HAL_RCC_OscConfig       0x08000189   0x6e6  Code  Gb  stm32l4xx_hal_rcc.o [1]
HAL_SYSCFG_EnableVREFBUF
                        0x08002e1d    0x2e  Code  Gb  stm32l4xx_hal.o [1]
HAL_SYSCFG_VREFBUF_HighImpedanceConfig
                        0x08002e0d    0x10  Code  Gb  stm32l4xx_hal.o [1]
HAL_SYSCFG_VREFBUF_VoltageScalingConfig
                        0x08002dfd    0x10  Code  Gb  stm32l4xx_hal.o [1]
HAL_SYSTICK_Config      0x08000e27     0xc  Code  Gb  stm32l4xx_hal_cortex.o [1]
HAL_TIMEx_MasterConfigSynchronization
                        0x08003a19    0xa2  Code  Gb  stm32l4xx_hal_tim_ex.o [1]
HAL_TIM_Base_Init       0x08003725    0x7a  Code  Gb  stm32l4xx_hal_tim.o [1]
HAL_TIM_Base_MspInit    0x080018b7    0x26  Code  Gb  stm32l4xx_hal_msp.o [1]
HAL_TIM_SlaveConfigSynchro
                        0x0800379f    0x62  Code  Gb  stm32l4xx_hal_tim.o [1]
HardFault_Handler       0x08003b21     0x2  Code  Gb  stm32l4xx_it.o [1]
LLD                     0x2000000c     0x2  Data  Gb  main.o [1]
LL_ADC_Disable          0x08000f73    0x10  Code  Lc  stm32l4xx_hal_adc.o [1]
LL_ADC_DisableDeepPowerDown
                        0x08000f43     0xc  Code  Lc  stm32l4xx_hal_adc.o [1]
LL_ADC_EnableInternalRegulator
                        0x08000f59    0x10  Code  Lc  stm32l4xx_hal_adc.o [1]
LL_ADC_GetCommonPathInternalCh
                        0x08000e6d     0x8  Code  Lc  stm32l4xx_hal_adc.o [1]
LL_ADC_GetOffsetChannel
                        0x08000e99    0x12  Code  Lc  stm32l4xx_hal_adc.o [1]
LL_ADC_INJ_IsConversionOngoing
                        0x08000f9f     0xa  Code  Lc  stm32l4xx_hal_adc.o [1]
LL_ADC_IsCalibrationOnGoing
                        0x0800337b     0x6  Code  Lc  stm32l4xx_hal_adc_ex.o [1]
LL_ADC_IsDeepPowerDownEnabled
                        0x08000f4f     0xa  Code  Lc  stm32l4xx_hal_adc.o [1]
LL_ADC_IsDisableOngoing
                        0x08000f8b     0xa  Code  Lc  stm32l4xx_hal_adc.o [1]
LL_ADC_IsEnabled        0x08000f83     0x8  Code  Lc  stm32l4xx_hal_adc.o [1]
LL_ADC_IsEnabled        0x0800335d     0x8  Code  Lc  stm32l4xx_hal_adc_ex.o [1]
LL_ADC_IsInternalRegulatorEnabled
                        0x08000f69     0xa  Code  Lc  stm32l4xx_hal_adc.o [1]
LL_ADC_REG_IsConversionOngoing
                        0x08000f95     0xa  Code  Lc  stm32l4xx_hal_adc.o [1]
LL_ADC_REG_IsConversionOngoing
                        0x08003381     0xa  Code  Lc  stm32l4xx_hal_adc_ex.o [1]
LL_ADC_REG_SetSequencerRanks
                        0x08000ec3    0x2c  Code  Lc  stm32l4xx_hal_adc.o [1]
LL_ADC_SetChannelSamplingTime
                        0x08000eef    0x2e  Code  Lc  stm32l4xx_hal_adc.o [1]
LL_ADC_SetChannelSingleDiff
                        0x08000f1d    0x26  Code  Lc  stm32l4xx_hal_adc.o [1]
LL_ADC_SetCommonClock   0x08000e55     0xc  Code  Lc  stm32l4xx_hal_adc.o [1]
LL_ADC_SetCommonPathInternalCh
                        0x08000e61     0xc  Code  Lc  stm32l4xx_hal_adc.o [1]
LL_ADC_SetOffset        0x08000e75    0x24  Code  Lc  stm32l4xx_hal_adc.o [1]
LL_ADC_SetOffsetState   0x08000eab    0x18  Code  Lc  stm32l4xx_hal_adc.o [1]
LL_ADC_StartCalibration
                        0x08003365    0x16  Code  Lc  stm32l4xx_hal_adc_ex.o [1]
LL_EXTI_ClearFlag_0_31  0x0800311b     0x6  Code  Lc  stm32l4xx_hal_comp.o [1]
LL_EXTI_ClearFlag_0_31  0x08003b19     0x6  Code  Lc  stm32l4xx_it.o [1]
LL_EXTI_DisableEvent_0_31
                        0x080030cd     0xc  Code  Lc  stm32l4xx_hal_comp.o [1]
LL_EXTI_DisableFallingTrig_0_31
                        0x080030fd     0xc  Code  Lc  stm32l4xx_hal_comp.o [1]
LL_EXTI_DisableIT_0_31  0x080030b5     0xc  Code  Lc  stm32l4xx_hal_comp.o [1]
LL_EXTI_DisableRisingTrig_0_31
                        0x080030e5     0xc  Code  Lc  stm32l4xx_hal_comp.o [1]
LL_EXTI_EnableEvent_0_31
                        0x080030c1     0xc  Code  Lc  stm32l4xx_hal_comp.o [1]
LL_EXTI_EnableFallingTrig_0_31
                        0x080030f1     0xc  Code  Lc  stm32l4xx_hal_comp.o [1]
LL_EXTI_EnableIT_0_31   0x080030a9     0xc  Code  Lc  stm32l4xx_hal_comp.o [1]
LL_EXTI_EnableRisingTrig_0_31
                        0x080030d9     0xc  Code  Lc  stm32l4xx_hal_comp.o [1]
LL_EXTI_IsActiveFlag_0_31
                        0x08003109    0x12  Code  Lc  stm32l4xx_hal_comp.o [1]
MSIRangeTable           0x08003bf4    0x30  Data  Gb  system_stm32l4xx.o [1]
MX_ADC1_Init            0x0800288f    0xce  Code  Lc  main.o [1]
MX_COMP1_Init           0x080027e9    0x5c  Code  Lc  main.o [1]
MX_DAC1_Init            0x08002845    0x4a  Code  Lc  main.o [1]
MX_DMA_Init             0x0800295d    0x82  Code  Lc  main.o [1]
MX_GPIO_Init            0x080029df    0x6e  Code  Lc  main.o [1]
MX_TIM3_Init            0x08002a4d    0x7e  Code  Lc  main.o [1]
MemManage_Handler       0x08003b23     0x2  Code  Gb  stm32l4xx_it.o [1]
Minimal_ADC_Start_DMA   0x0800167d    0x4c  Code  Gb  stm32l4xx_hal_adc.o [1]
N                       0x20001828     0x4  Data  Gb  main.o [1]
NMI_Handler             0x08003b1f     0x2  Code  Gb  stm32l4xx_it.o [1]
NVIC_EncodePriority     0x08000d79    0x3e  Code  Lc  stm32l4xx_hal_cortex.o [1]
PendSV_Handler          0x08003b2d     0x2  Code  Gb  stm32l4xx_it.o [1]
RCCEx_PLLSAI1_Config    0x08002081   0x1a0  Code  Lc  stm32l4xx_hal_rcc_ex.o [1]
RCCEx_PLLSAI2_Config    0x08002221   0x152  Code  Lc  stm32l4xx_hal_rcc_ex.o [1]
RCC_SetFlashLatencyFromMSIRange
                        0x08000b2d    0x9a  Code  Lc  stm32l4xx_hal_rcc.o [1]
Region$$Table$$Base     0x08003c9c           --   Gb  - Linker created -
Region$$Table$$Limit    0x08003cc0           --   Gb  - Linker created -
SVC_Handler             0x08003b29     0x2  Code  Gb  stm32l4xx_it.o [1]
SysTick_Config          0x08000db7    0x30  Code  Lc  stm32l4xx_hal_cortex.o [1]
SysTick_Handler         0x08003b2f     0x8  Code  Gb  stm32l4xx_it.o [1]
SystemClock_Config      0x08002723    0xc6  Code  Gb  main.o [1]
SystemCoreClock         0x20000004     0x4  Data  Gb  system_stm32l4xx.o [1]
SystemInit              0x08003d1d     0xe  Code  Gb  system_stm32l4xx.o [1]
TIM_Base_SetConfig      0x08003801    0xcc  Code  Gb  stm32l4xx_hal_tim.o [1]
TIM_ETR_SetConfig       0x080039ff    0x1a  Code  Gb  stm32l4xx_hal_tim.o [1]
TIM_SlaveTimer_SetConfig
                        0x080038cf    0xba  Code  Lc  stm32l4xx_hal_tim.o [1]
TIM_TI1_ConfigInputStage
                        0x080039ad    0x28  Code  Lc  stm32l4xx_hal_tim.o [1]
TIM_TI2_ConfigInputStage
                        0x080039d5    0x2a  Code  Lc  stm32l4xx_hal_tim.o [1]
UsageFault_Handler      0x08003b27     0x2  Code  Gb  stm32l4xx_it.o [1]
__NVIC_EnableIRQ        0x08000d39    0x1a  Code  Lc  stm32l4xx_hal_cortex.o [1]
__NVIC_GetPriorityGrouping
                        0x08000d2f     0xa  Code  Lc  stm32l4xx_hal_cortex.o [1]
__NVIC_SetPriority      0x08000d53    0x26  Code  Lc  stm32l4xx_hal_cortex.o [1]
__NVIC_SetPriorityGrouping
                        0x08000d11    0x1e  Code  Lc  stm32l4xx_hal_cortex.o [1]
__aeabi_d2f             0x08003695          Code  Gb  DblToFlt.o [4]
__aeabi_errno_addr      0x08003b09     0x6  Code  Gb  errno.o [3]
__aeabi_f2d             0x08003545          Code  Gb  FltToDbl.o [4]
__aeabi_memclr4         0x08001bd1          Code  Gb  ABImemclr4.o [5]
__cmain                 0x08003cc1          Code  Gb  cmain.o [5]
__exit                  0x08003cf1    0x14  Code  Gb  exit.o [6]
__iar_Errno             0x20000008     0x4  Data  Gb  errno.o [3]
__iar_Memset4_word      0x08002da5          Code  Gb  ABImemset48.o [5]
__iar_Memset8_word      0x08002da5          Code  Gb  ABImemset48.o [5]
__iar_copy_init3        0x08003c25    0x2c  Code  Gb  copy_init3.o [5]
__iar_data_init3        0x08003c51    0x28  Code  Gb  data_init.o [5]
__iar_dlib_perthread_access
                        0x08003b15     0x2  Code  Gb  xtls.o [3]
__iar_edom              0x08003afd          Code  Gb  iarEdom.o [5]
__iar_init_vfp          0x08003c79          Code  Gb  fpinit_M.o [4]
__iar_program_start     0x08003d61          Code  Gb  cstartup_M.o [5]
__iar_sqrt              0x080035a5          Code  Gb  sqrt.o [4]
__iar_vfp_sqrt          0x08003595          Code  Gb  sqrt.o [4]
__iar_vfp_sqrtl         0x08003595          Code  Gb  sqrt.o [4]
__iar_zero_init3        0x08003bb5    0x40  Code  Gb  zero_init3.o [5]
__low_level_init        0x08003cdb     0x4  Code  Gb  low_level_init.o [3]
__vector_table          0x08000000          Data  Gb  startup_stm32l476xx.o [1]
_call_main              0x08003ccd          Code  Gb  cmain.o [5]
_exit                   0x08003ce5          Code  Gb  cexit.o [5]
_main                   0x08003cd7          Code  Gb  cmain.o [5]
adcBuffer               0x20001674    0x60  Data  Gb  main.o [1]
adcDataReady            0x2000183c     0x4  Data  Gb  main.o [1]
adcSample               0x20001840     0x4  Data  Gb  main.o [1]
cnst                    0x2000186a     0x2  Data  Gb  main.o [1]
comparator_event_count  0x20001854     0x4  Data  Gb  main.o [1]
comparator_events_per_second
                        0x20001850     0x4  Data  Gb  main.o [1]
count                   0x2000186e     0x2  Data  Gb  main.o [1]
cps                     0x20001830     0x4  Data  Gb  main.o [1]
cpsarr                  0x200017f4    0x20  Data  Gb  main.o [1]
cpsavg                  0x20001838     0x4  Data  Gb  main.o [1]
cpsavgt                 0x20001860     0x4  Data  Gb  main.o [1]
cpsc                    0x2000182c     0x4  Data  Gb  main.o [1]
cpsconst                0x20001874     0x1  Data  Gb  main.o [1]
dmardy                  0x20001870     0x2  Data  Gb  stm32l4xx_hal_dma.o [1]
err                     0x20001868     0x2  Data  Gb  main.o [1]
exit                    0x08003cdf     0x4  Code  Gb  exit.o [3]
hadc1                   0x20001610    0x64  Data  Gb  main.o [1]
hcomp1                  0x200017c8    0x2c  Data  Gb  main.o [1]
hdac1                   0x20001814    0x14  Data  Gb  main.o [1]
hdma_adc1               0x20001780    0x48  Data  Gb  main.o [1]
htim3                   0x20001734    0x4c  Data  Gb  main.o [1]
ind                     0x20001872     0x1  Data  Gb  main.o [1]
integral                0x20001410   0x200  Data  Gb  main.o [1]
last_measurement_time   0x20001858     0x4  Data  Gb  main.o [1]
main                    0x08002391   0x392  Code  Gb  main.o [1]
num                     0x20001873     0x1  Data  Gb  main.o [1]
reslt                   0x200016d4    0x60  Data  Gb  main.o [1]
spectrearray            0x20000410  0x1000  Data  Gb  main.o [1]
sqa                     0x20001848     0x4  Data  Gb  main.o [1]
sqr                     0x2000185c     0x4  Data  Gb  main.o [1]
sqrt                    0x080035a5          Code  Gb  sqrt.o [4]
sqrtl                   0x080035a5          Code  Gb  sqrt.o [4]
sum                     0x20001844     0x4  Data  Gb  main.o [1]
summ                    0x2000186c     0x2  Data  Gb  main.o [1]
tempo                   0x2000184c     0x4  Data  Gb  main.o [1]
tickcps                 0x20001834     0x4  Data  Gb  main.o [1]
uwTick                  0x20001864     0x4  Data  Gb  stm32l4xx_hal.o [1]
uwTickFreq              0x2000000e     0x1  Data  Gb  stm32l4xx_hal.o [1]
uwTickPrio              0x20000000     0x4  Data  Gb  stm32l4xx_hal.o [1]


[1] = C:\Users\kuryanovichp\dmacp\EWARM\dmacp\Obj
[2] = command line
[3] = dl7M_tln.a
[4] = m7M_tls.a
[5] = rt7M_tl.a
[6] = shb_l.a

  15 898 bytes of readonly  code memory
     142 bytes of readonly  data memory
   6 260 bytes of readwrite data memory

Errors: none
Warnings: none
